---
source: tests/cli_tests.rs
expression: stdout
---
Switch to a different Android Studio version

Usage: astudios use <VERSION>

Arguments:
  <VERSION>  Version to switch to

Options:
  -h, --help  Print help
