---
source: tests/cli_tests.rs
expression: stdout
---
Update the local releases cache

Usage: as-man update

Options:
  -h, --help  Print help
