---
source: tests/cli_tests.rs
expression: stdout
---
Show currently installed versions

Usage: astudios installed

Options:
  -h, --help  Print help
