---
source: tests/cli_tests.rs
expression: stdout
---
Show which version is currently active

Usage: astudios which

Options:
  -h, --help  Print help
