---
source: tests/cli_tests.rs
expression: stdout
---
astudios 0.1.0
