---
source: tests/cli_tests.rs
expression: stdout
---
Uninstall a version of Android Studio

Usage: astudios uninstall <VERSION>

Arguments:
  <VERSION>  Version to uninstall

Options:
  -h, --help  Print help
