---
source: tests/error_tests.rs
expression: error_info
---
- - type
  - ParseError
- - contains_parse
  - "true"
