---
source: tests/model_tests.rs
expression: results
---
- - Release
  - Release
- - Beta
  - Beta
- - Canary
  - Canary
- - RC
  - ReleaseCandidate
- - Patch
  - Patch
- - Unknown
  - Release
